<?xml version="1.0" encoding="UTF-8"?><root>
	<parent>
		
	</parent>
	
</root>