<?xml version="1.0" encoding="UTF-8"?><reTestXmlDataContainer xmlns:xsd="http://www.w3.org/2001/XMLSchema" xmlns:xsi="http://www.w3.org/2001/XMLSchema-instance" reTestVersion="unspecified development version" dataType="de.retest.recheck.suite.ExecutableSuite" dataTypeVersion="19">
	<data xsi:type="executableSuite" uuid="787929c6-7c1b-414e-b7ef-db46807b3acd">
		<tests>
			<initialState>
				<descriptors screenId="73596745" screen="Login" title="Login">
					<identifyingAttributes xsi:type="identifyingSwingAttributes">
						<attributes>
							<attribute xsi:type="codeLocAttribute" key="codeLoc"></attribute>
							<attribute xsi:type="contextAttribute" key="context"></attribute>
							<attribute xsi:type="stringAttribute" key="name">dialog</attribute>
							<attribute xsi:type="outlineAttribute" key="outline">
								<x>-1</x>
								<y>-1</y>
								<height>-1</height>
								<width>-1</width>
							</attribute>
							<attribute xsi:type="pathAttribute" key="path">Window_0</attribute>
							<attribute xsi:type="suffixAttribute" key="suffix">0</attribute>
							<attribute xsi:type="weightedTextAttribute" key="text">Login</attribute>
							<attribute xsi:type="stringAttribute" key="type">info.retest.swing.demo.LoginDialog</attribute>
						</attributes>
					</identifyingAttributes>
					<containedComponents>
						<identifyingAttributes xsi:type="identifyingSwingAttributes">
							<attributes>
								<attribute xsi:type="codeLocAttribute" key="codeLoc"></attribute>
								<attribute xsi:type="contextAttribute" key="context"></attribute>
								<attribute xsi:type="stringAttribute" key="name"></attribute>
								<attribute xsi:type="outlineAttribute" key="outline">
									<x>3</x>
									<y>0</y>
									<height>187</height>
									<width>229</width>
								</attribute>
								<attribute xsi:type="pathAttribute" key="path">Window_0/JRootPane_0</attribute>
								<attribute xsi:type="suffixAttribute" key="suffix">0</attribute>
								<attribute xsi:type="weightedTextAttribute" key="text"></attribute>
								<attribute xsi:type="stringAttribute" key="type">javax.swing.JRootPane</attribute>
							</attributes>
						</identifyingAttributes>
						<attributes>
							<attributes>
								<entry>
									<key>backgroundColor</key>
									<value xsi:type="xsd:string">#D6D9DF</value>
								</entry>
								<entry>
									<key>fontFamily</key>
									<value xsi:type="xsd:string">SansSerif</value>
								</entry>
								<entry>
									<key>foregroundColor</key>
									<value xsi:type="xsd:string">#000000</value>
								</entry>
							</attributes>
						</attributes>
					</containedComponents>
					<screenshot>
						<persistenceId>JLayeredPane_543b2ac8a901c04e922e2a64f45efca6e06695381fb7ca07998cb76094f9201b</persistenceId>
						<type>PNG</type>
					</screenshot>
				</descriptors>
			</initialState>
		</tests>
	</data>
</reTestXmlDataContainer>