<?xml version="1.0" encoding="UTF-8"?>
<reTestXmlDataContainer xmlns:xsd="http://www.w3.org/2001/XMLSchema" xmlns:xsi="http://www.w3.org/2001/XMLSchema-instance" reTestVersion="unspecified development version" dataType="de.retest.recheck.elementcollection.ElementCollection" dataTypeVersion="18">
	<data xsi:type="elementCollection">
		<elements retestId="id">
			<identifyingAttributes>
				<attributes>
					<attribute key="path" xsi:type="pathAttribute">Window[1]/path[1]/component[1]</attribute>
					<attribute key="suffix" xsi:type="suffixAttribute">1</attribute>
					<attribute key="type" xsi:type="stringAttribute">javax.swing.JButton</attribute>
				</attributes>
			</identifyingAttributes>
			<attributes/>
		</elements>
		<attributes/>
	</data>
</reTestXmlDataContainer>
