A detailed report will be created at '*'. You can review the details by using our CLI (https://github.com/retest/recheck.cli/) or GUI (https://retest.de/review/).

1 check(s) in 'de.retest.recheck.RecheckImplIT' found the following difference(s):
Test 'no-filter' has 9 difference(s) in 1 state(s):
check resulted in:
	Metadata Differences:
		os.name: expected="null", actual="Linux"
		os.version: expected="null", actual="4.4.0-101-generic"
	test [test] at 'foo[1]/bar[1]':
		foo-1: expected="bar-1", actual="bar-3"
		foo-3: expected="bar-3", actual="bar-1"
	delete [delete] at 'foo[1]/bar[1]/remove[1]/delete[1]':
		was deleted
	insert [insert] at 'foo[1]/bar[1]/add[1]/insert[1]':
		was inserted
	same [same] at 'foo[1]/bar[1]/same[1]':
		bar-1: expected="bar-1", actual="bar-1-change"
		bar-2: expected="bar-2", actual="null"
		bar-3: expected="bar-3", actual="(default or absent)"
		bar-2-change: expected="(default or absent)", actual="bar-2"
		bar-3-change: expected="(default or absent)", actual="bar-3"
