<?xml version="1.0" encoding="UTF-8"?>
<elementCollection xmlns:xsd="http://www.w3.org/2001/XMLSchema" xmlns:xsi="http://www.w3.org/2001/XMLSchema-instance">
	<attributes>
		<attributes>
			<element retestId="id">
				<identifyingAttributes>
					<attributes>
						<attribute key="path" xsi:type="pathAttribute">Window[1]</attribute>
						<attribute key="suffix" xsi:type="suffixAttribute">1</attribute>
						<attribute key="type" xsi:type="stringAttribute">de.retest.recheck.elementcollection.ElementCollectionPersistenceTest</attribute>
					</attributes>
				</identifyingAttributes>
				<attributes/>
			</element>
			<attributes>color, text</attributes>
		</attributes>
	</attributes>
</elementCollection>
